FW1814 44.1 capture consumer detected; live capture enabled
FW1814-44 out-shared=0 pcm=0 tx-audio=3924308608 tx-silence=12356720 tx-late=16 tx-max-gap=1781 tx-roll-packets=714130779 tx-roll-miss=0 marker-pb=263231608045831 marker-tx=263231610095304 marker-cap=263231628579931 pcm-underrun=12360248 pb-read=3924308608 hal-calls=45477205 hal-frames=6154954882 hal-drop=15736832 in-peak=1.45 clip=1 nonfinite=0 | capture=3936623376 (delta 88200) queued=23656 cap-drop=12320536 cap-active=1 hal-in-reads=30658907 hal-in-frames=3924276968 hal-in-zero=61336 hal-in-underrun=38 rx-touched=256/256 chunks=22316585 repeat-ts=2595393 malformed=0 invalid=0 nodata=222052797 dbc-gap=0 ts-regress=54220 reorder=0 stale=0 rt-loop-us=41.6/212 rt-cap-us=9.21/91.8 rt-pb-us=3.6/69.6 rt-tx-us=28.8/164 rt-wake-max-us=366
FW1814-44 out-shared=0 pcm=0 tx-audio=3924308608 tx-silence=12444928 tx-late=16 tx-max-gap=1781 tx-roll-packets=714146780 tx-roll-miss=0 marker-pb=263231608045831 marker-tx=263231610095304 marker-cap=263231628579931 pcm-underrun=12448456 pb-read=3924308608 hal-calls=45477205 hal-frames=6154954882 hal-drop=15736832 in-peak=1.45 clip=1 nonfinite=0 | capture=3936711576 (delta 88200) queued=32768 cap-drop=12399624 cap-active=1 hal-in-reads=30658907 hal-in-frames=3924276968 hal-in-zero=61336 hal-in-underrun=38 rx-touched=256/256 chunks=22317085 repeat-ts=2595441 malformed=0 invalid=0 nodata=222057772 dbc-gap=0 ts-regress=54222 reorder=0 stale=0 rt-loop-us=37/196 rt-cap-us=8.97/84.8 rt-pb-us=0.334/16.8 rt-tx-us=27.7/129 rt-wake-max-us=294
FW1814 performance profile: aggressive (250 us)
FW1814-44 out-shared=0 pcm=0 tx-audio=3924308608 tx-silence=12533128 tx-late=16 tx-max-gap=1781 tx-roll-packets=714162780 tx-roll-miss=0 marker-pb=263231608045831 marker-tx=263231610095304 marker-cap=263231628579931 pcm-underrun=12536656 pb-read=3924308608 hal-calls=45477205 hal-frames=6154954882 hal-drop=15736832 in-peak=1.45 clip=1 nonfinite=0 | capture=3936799776 (delta 88200) queued=32768 cap-drop=12487824 cap-active=1 hal-in-reads=30658907 hal-in-frames=3924276968 hal-in-zero=61336 hal-in-underrun=38 rx-touched=256/256 chunks=22317585 repeat-ts=2595651 malformed=0 invalid=0 nodata=222062747 dbc-gap=0 ts-regress=54232 reorder=0 stale=0 rt-loop-us=28.2/207 rt-cap-us=5.81/91.1 rt-pb-us=0.23/12.8 rt-tx-us=22.2/157 rt-wake-max-us=333
FW1814 44.1 capture consumer detected; live capture enabled
FW1814-44 out-shared=0 pcm=0 tx-audio=3924358336 tx-silence=12571600 tx-late=16 tx-max-gap=1781 tx-roll-packets=714178780 tx-roll-miss=0 marker-pb=263231608045831 marker-tx=263231610095304 marker-cap=263231628579931 pcm-underrun=12575128 pb-read=3924358336 hal-calls=45477464 hal-frames=6155004610 hal-drop=15736832 in-peak=1.45 clip=1 nonfinite=0 | capture=3936887976 (delta 88200) queued=6472 cap-drop=12552872 cap-active=1 hal-in-reads=30659166 hal-in-frames=3924326312 hal-in-zero=61720 hal-in-underrun=38 rx-touched=256/256 chunks=22318085 repeat-ts=2595666 malformed=0 invalid=0 nodata=222067722 dbc-gap=0 ts-regress=54233 reorder=0 stale=0 rt-loop-us=27.2/155 rt-cap-us=4.9/93.1 rt-pb-us=1.78/68.7 rt-tx-us=20.5/93.6 rt-wake-max-us=528
FW1814 44.1 capture consumer detected; live capture enabled
FW1814 44.1 capture consumer detected; live capture enabled
FW1814-44 out-shared=0 pcm=184 tx-audio=3924435528 tx-silence=12582608 tx-late=16 tx-max-gap=1781 tx-roll-packets=714194781 tx-roll-miss=0 marker-pb=263231608045831 marker-tx=263231610095304 marker-cap=263231628579931 pcm-underrun=12586136 pb-read=3924435712 hal-calls=45477867 hal-frames=6155081986 hal-drop=15736832 in-peak=1.45 clip=1 nonfinite=0 | capture=3936976176 (delta 88200) queued=136 cap-drop=12570600 cap-active=1 hal-in-reads=30659569 hal-in-frames=3924402920 hal-in-zero=62488 hal-in-underrun=38 rx-touched=256/256 chunks=22318585 repeat-ts=2595667 malformed=0 invalid=0 nodata=222072697 dbc-gap=0 ts-regress=54233 reorder=0 stale=0 rt-loop-us=29.4/160 rt-cap-us=5/96.5 rt-pb-us=2.7/71.8 rt-tx-us=21.8/134 rt-wake-max-us=615
FW1814 44.1 capture consumer detected; live capture enabled
FW1814 44.1 capture consumer detected; live capture enabled
FW1814-44 out-shared=0 pcm=48 tx-audio=3924507472 tx-silence=12598864 tx-late=16 tx-max-gap=1781 tx-roll-packets=714210781 tx-roll-miss=0 marker-pb=263231608045831 marker-tx=263231610095304 marker-cap=263231628579931 pcm-underrun=12602392 pb-read=3924507520 hal-calls=45478241 hal-frames=6155153794 hal-drop=15736832 in-peak=1.45 clip=1 nonfinite=0 | capture=3937064376 (delta 88200) queued=240 cap-drop=12587440 cap-active=1 hal-in-reads=30659943 hal-in-frames=3924474056 hal-in-zero=63160 hal-in-underrun=44 rx-touched=256/256 chunks=22319085 repeat-ts=2595668 malformed=0 invalid=0 nodata=222077672 dbc-gap=0 ts-regress=54234 reorder=0 stale=0 rt-loop-us=28.1/137 rt-cap-us=4.98/78.2 rt-pb-us=2.5/81.5 rt-tx-us=20.6/79.8 rt-wake-max-us=523
FW1814 44.1 capture consumer detected; live capture enabled
FW1814-44 out-shared=0 pcm=40 tx-audio=3924587544 tx-silence=12606992 tx-late=16 tx-max-gap=1781 tx-roll-packets=714226781 tx-roll-miss=0 marker-pb=263231608045831 marker-tx=263231610095304 marker-cap=263231628579931 pcm-underrun=12610520 pb-read=3924587584 hal-calls=45478658 hal-frames=6155233858 hal-drop=15736832 in-peak=1.45 clip=1 nonfinite=0 | capture=3937152576 (delta 88200) queued=96 cap-drop=12595880 cap-active=1 hal-in-reads=30660361 hal-in-frames=3924553864 hal-in-zero=63608 hal-in-underrun=49 rx-touched=256/256 chunks=22319585 repeat-ts=2595680 malformed=0 invalid=0 nodata=222082647 dbc-gap=0 ts-regress=54234 reorder=0 stale=0 rt-loop-us=27.8/175 rt-cap-us=4.89/81.3 rt-pb-us=2.75/69.1 rt-tx-us=20.1/121 rt-wake-max-us=561
FW1814 44.1 capture consumer detected; live capture enabled
FW1814 44.1 capture consumer detected; live capture enabled
FW1814-44 out-shared=0 pcm=112 tx-audio=3924658896 tx-silence=12623848 tx-late=16 tx-max-gap=1781 tx-roll-packets=714242782 tx-roll-miss=0 marker-pb=263231608045831 marker-tx=263231610095304 marker-cap=263231628579931 pcm-underrun=12627376 pb-read=3924659008 hal-calls=45479030 hal-frames=6155305282 hal-drop=15736832 in-peak=1.45 clip=1 nonfinite=0 | capture=3937240776 (delta 88200) queued=224 cap-drop=12613296 cap-active=1 hal-in-reads=30660732 hal-in-frames=3924624328 hal-in-zero=64376 hal-in-underrun=49 rx-touched=256/256 chunks=22320085 repeat-ts=2595788 malformed=0 invalid=0 nodata=222087622 dbc-gap=0 ts-regress=54235 reorder=0 stale=0 rt-loop-us=29/172 rt-cap-us=5.05/102 rt-pb-us=2.49/79.7 rt-tx-us=21.5/83.9 rt-wake-max-us=549
FW1814 44.1 capture consumer detected; live capture enabled
FW1814-44 out-shared=0 pcm=64 tx-audio=3924738624 tx-silence=12632320 tx-late=16 tx-max-gap=1781 tx-roll-packets=714258782 tx-roll-miss=0 marker-pb=263231608045831 marker-tx=263231610095304 marker-cap=263231628579931 pcm-underrun=12635848 pb-read=3924738688 hal-calls=45479445 hal-frames=6155384962 hal-drop=15736832 in-peak=1.45 clip=1 nonfinite=0 | capture=3937328976 (delta 88200) queued=256 cap-drop=12622080 cap-active=1 hal-in-reads=30661147 hal-in-frames=3924703616 hal-in-zero=64768 hal-in-underrun=50 rx-touched=256/256 chunks=22320585 repeat-ts=2596057 malformed=0 invalid=0 nodata=222092597 dbc-gap=0 ts-regress=54239 reorder=0 stale=0 rt-loop-us=28.4/172 rt-cap-us=5.03/105 rt-pb-us=2.76/73.2 rt-tx-us=20.6/87.4 rt-wake-max-us=524
FW1814 44.1 capture consumer detected; live capture enabled
FW1814 44.1 capture consumer detected; live capture enabled
FW1814-44 out-shared=0 pcm=160 tx-audio=3924809952 tx-silence=12649192 tx-late=16 tx-max-gap=1781 tx-roll-packets=714274782 tx-roll-miss=0 marker-pb=263231608045831 marker-tx=263231610095304 marker-cap=263231628579931 pcm-underrun=12652720 pb-read=3924810112 hal-calls=45479817 hal-frames=6155456386 hal-drop=15736832 in-peak=1.45 clip=1 nonfinite=0 | capture=3937417176 (delta 88200) queued=216 cap-drop=12639464 cap-active=1 hal-in-reads=30661519 hal-in-frames=3924774272 hal-in-zero=65536 hal-in-underrun=50 rx-touched=256/256 chunks=22321085 repeat-ts=2596121 malformed=0 invalid=0 nodata=222097572 dbc-gap=0 ts-regress=54245 reorder=0 stale=0 rt-loop-us=28.9/179 rt-cap-us=5.13/98.6 rt-pb-us=2.52/80.7 rt-tx-us=21.2/92.6 rt-wake-max-us=518
FW1814 44.1 capture consumer detected; live capture enabled
FW1814-44 out-shared=0 pcm=24 tx-audio=3924889960 tx-silence=12657392 tx-late=16 tx-max-gap=1781 tx-roll-packets=714290783 tx-roll-miss=0 marker-pb=263231608045831 marker-tx=263231610095304 marker-cap=263231628579931 pcm-underrun=12660920 pb-read=3924889984 hal-calls=45480233 hal-frames=6155536258 hal-drop=15736832 in-peak=1.45 clip=1 nonfinite=0 | capture=3937505376 (delta 88200) queued=88 cap-drop=12648056 cap-active=1 hal-in-reads=30661936 hal-in-frames=3924853912 hal-in-zero=65960 hal-in-underrun=53 rx-touched=256/256 chunks=22321585 repeat-ts=2596121 malformed=0 invalid=0 nodata=222102547 dbc-gap=0 ts-regress=54245 reorder=0 stale=0 rt-loop-us=28.7/204 rt-cap-us=4.93/94.4 rt-pb-us=2.77/73.1 rt-tx-us=21/84.8 rt-wake-max-us=522
FW1814 44.1 capture consumer detected; live capture enabled
FW1814 44.1 capture consumer detected; live capture enabled
FW1814-44 out-shared=0 pcm=48 tx-audio=3924961744 tx-silence=12673808 tx-late=16 tx-max-gap=1781 tx-roll-packets=714306783 tx-roll-miss=0 marker-pb=263231608045831 marker-tx=263231610095304 marker-cap=263231628579931 pcm-underrun=12677336 pb-read=3924961792 hal-calls=45480607 hal-frames=6155608066 hal-drop=15736832 in-peak=1.45 clip=1 nonfinite=0 | capture=3937593576 (delta 88200) queued=248 cap-drop=12665144 cap-active=1 hal-in-reads=30662309 hal-in-frames=3924924672 hal-in-zero=66816 hal-in-underrun=59 rx-touched=256/256 chunks=22322085 repeat-ts=2596122 malformed=0 invalid=0 nodata=222107522 dbc-gap=0 ts-regress=54245 reorder=0 stale=0 rt-loop-us=28.7/172 rt-cap-us=5.1/108 rt-pb-us=2.52/84.2 rt-tx-us=21.1/76.7 rt-wake-max-us=548
FW1814 44.1 capture consumer detected; live capture enabled
FW1814-44 out-shared=0 pcm=48 tx-audio=3925041424 tx-silence=12682328 tx-late=16 tx-max-gap=1781 tx-roll-packets=714322783 tx-roll-miss=0 marker-pb=263231608045831 marker-tx=263231610095304 marker-cap=263231628579931 pcm-underrun=12685856 pb-read=3925041472 hal-calls=45481022 hal-frames=6155687746 hal-drop=15736832 in-peak=1.45 clip=1 nonfinite=0 | capture=3937681776 (delta 88200) queued=256 cap-drop=12673960 cap-active=1 hal-in-reads=30662724 hal-in-frames=3925003952 hal-in-zero=67216 hal-in-underrun=61 rx-touched=256/256 chunks=22322585 repeat-ts=2596130 malformed=0 invalid=0 nodata=222112497 dbc-gap=0 ts-regress=54245 reorder=0 stale=0 rt-loop-us=27.9/186 rt-cap-us=4.9/94.6 rt-pb-us=2.73/103 rt-tx-us=20.3/73.9 rt-wake-max-us=537
FW1814 44.1 capture consumer detected; live capture enabled
FW1814 44.1 capture consumer detected; live capture enabled
FW1814-44 out-shared=0 pcm=216 tx-audio=3925112872 tx-silence=12699080 tx-late=16 tx-max-gap=1781 tx-roll-packets=714338784 tx-roll-miss=0 marker-pb=263231608045831 marker-tx=263231610095304 marker-cap=263231628579931 pcm-underrun=12702608 pb-read=3925113088 hal-calls=45481395 hal-frames=6155759362 hal-drop=15736832 in-peak=1.45 clip=1 nonfinite=0 | capture=3937769976 (delta 88200) queued=112 cap-drop=12691264 cap-active=1 hal-in-reads=30663097 hal-in-frames=3925074880 hal-in-zero=67904 hal-in-underrun=68 rx-touched=256/256 chunks=22323085 repeat-ts=2596205 malformed=0 invalid=0 nodata=222117472 dbc-gap=0 ts-regress=54246 reorder=0 stale=0 rt-loop-us=28.6/191 rt-cap-us=5.06/106 rt-pb-us=2.49/77.6 rt-tx-us=21.1/88.3 rt-wake-max-us=517
FW1814 44.1 capture consumer detected; live capture enabled
FW1814-44 out-shared=0 pcm=128 tx-audio=3925192256 tx-silence=12707912 tx-late=16 tx-max-gap=1781 tx-roll-packets=714354786 tx-roll-miss=0 marker-pb=263231608045831 marker-tx=263231610095304 marker-cap=263231628579931 pcm-underrun=12711440 pb-read=3925192384 hal-calls=45481808 hal-frames=6155838658 hal-drop=15736832 in-peak=1.45 clip=1 nonfinite=0 | capture=3937858176 (delta 88200) queued=168 cap-drop=12700304 cap-active=1 hal-in-reads=30663510 hal-in-frames=3925153888 hal-in-zero=68192 hal-in-underrun=75 rx-touched=256/256 chunks=22323585 repeat-ts=2596480 malformed=0 invalid=0 nodata=222122447 dbc-gap=0 ts-regress=54250 reorder=0 stale=0 rt-loop-us=28.8/170 rt-cap-us=4.99/93.3 rt-pb-us=2.73/77.8 rt-tx-us=21.1/75.6 rt-wake-max-us=601
FW1814 44.1 capture consumer detected; live capture enabled
FW1814 44.1 capture consumer detected; live capture enabled
FW1814-44 out-shared=0 pcm=136 tx-audio=3925263672 tx-silence=12724696 tx-late=16 tx-max-gap=1781 tx-roll-packets=714370786 tx-roll-miss=0 marker-pb=263231608045831 marker-tx=263231610095304 marker-cap=263231628579931 pcm-underrun=12728224 pb-read=3925263808 hal-calls=45482180 hal-frames=6155910082 hal-drop=15736832 in-peak=1.45 clip=1 nonfinite=0 | capture=3937946376 (delta 88200) queued=232 cap-drop=12717648 cap-active=1 hal-in-reads=30663882 hal-in-frames=3925224488 hal-in-zero=69016 hal-in-underrun=79 rx-touched=256/256 chunks=22324085 repeat-ts=2596595 malformed=0 invalid=0 nodata=222127422 dbc-gap=0 ts-regress=54258 reorder=0 stale=0 rt-loop-us=28.5/182 rt-cap-us=5.06/102 rt-pb-us=2.48/67.9 rt-tx-us=21/84.3 rt-wake-max-us=557
FW1814 performance profile: balanced (375 us)
FW1814-44 out-shared=0 pcm=0 tx-audio=3925301824 tx-silence=12774752 tx-late=16 tx-max-gap=1781 tx-roll-packets=714386788 tx-roll-miss=0 marker-pb=263231608045831 marker-tx=263231610095304 marker-cap=263231628579931 pcm-underrun=12778280 pb-read=3925301824 hal-calls=45482378 hal-frames=6155948098 hal-drop=15736832 in-peak=1.45 clip=1 nonfinite=0 | capture=3938034576 (delta 88200) queued=32768 cap-drop=12735296 cap-active=1 hal-in-reads=30664080 hal-in-frames=3925262504 hal-in-zero=69016 hal-in-underrun=79 rx-touched=256/256 chunks=22324585 repeat-ts=2596649 malformed=0 invalid=0 nodata=222132397 dbc-gap=0 ts-regress=54262 reorder=0 stale=0 rt-loop-us=29.3/253 rt-cap-us=5.76/105 rt-pb-us=1.66/83.4 rt-tx-us=21.9/84.2 rt-wake-max-us=526
FW1814 44.1 capture consumer detected; live capture enabled
FW1814-44 out-shared=0 pcm=120 tx-audio=3925339528 tx-silence=12825256 tx-late=16 tx-max-gap=1781 tx-roll-packets=714402790 tx-roll-miss=0 marker-pb=263231608045831 marker-tx=263231610095304 marker-cap=263231628579931 pcm-underrun=12828784 pb-read=3925339648 hal-calls=45482575 hal-frames=6155985922 hal-drop=15736832 in-peak=1.45 clip=1 nonfinite=0 | capture=3938122776 (delta 88200) queued=208 cap-drop=12818520 cap-active=1 hal-in-reads=30664277 hal-in-frames=3925299944 hal-in-zero=69400 hal-in-underrun=79 rx-touched=256/256 chunks=22325085 repeat-ts=2596729 malformed=0 invalid=0 nodata=222137372 dbc-gap=0 ts-regress=54265 reorder=0 stale=0 rt-loop-us=33.9/202 rt-cap-us=7.08/113 rt-pb-us=2.06/70.3 rt-tx-us=24.7/104 rt-wake-max-us=440
FW1814 44.1 capture consumer detected; live capture enabled
FW1814 44.1 capture consumer detected; live capture enabled
FW1814-44 out-shared=0 pcm=72 tx-audio=3925411384 tx-silence=12841616 tx-late=16 tx-max-gap=1781 tx-roll-packets=714418792 tx-roll-miss=0 marker-pb=263231608045831 marker-tx=263231610095304 marker-cap=263231628579931 pcm-underrun=12845144 pb-read=3925411456 hal-calls=45482949 hal-frames=6156057730 hal-drop=15736832 in-peak=1.45 clip=1 nonfinite=0 | capture=3938210976 (delta 88200) queued=176 cap-drop=12835544 cap-active=1 hal-in-reads=30664651 hal-in-frames=3925370952 hal-in-zero=70200 hal-in-underrun=82 rx-touched=256/256 chunks=22325585 repeat-ts=2596759 malformed=0 invalid=0 nodata=222142347 dbc-gap=0 ts-regress=54266 reorder=0 stale=0 rt-loop-us=36.3/186 rt-cap-us=7.25/102 rt-pb-us=3.74/80.8 rt-tx-us=25.3/154 rt-wake-max-us=476
FW1814 44.1 capture consumer detected; live capture enabled
FW1814-44 out-shared=0 pcm=144 tx-audio=3925491376 tx-silence=12849840 tx-late=16 tx-max-gap=1781 tx-roll-packets=714434795 tx-roll-miss=0 marker-pb=263231608045831 marker-tx=263231610095304 marker-cap=263231628579931 pcm-underrun=12853368 pb-read=3925491520 hal-calls=45483366 hal-frames=6156137794 hal-drop=15736832 in-peak=1.45 clip=1 nonfinite=0 | capture=3938299176 (delta 88200) queued=152 cap-drop=12844000 cap-active=1 hal-in-reads=30665068 hal-in-frames=3925450624 hal-in-zero=70592 hal-in-underrun=83 rx-touched=256/256 chunks=22326085 repeat-ts=2596845 malformed=0 invalid=0 nodata=222147322 dbc-gap=0 ts-regress=54266 reorder=0 stale=0 rt-loop-us=36.6/207 rt-cap-us=7.17/103 rt-pb-us=4.08/92.8 rt-tx-us=25.4/98.4 rt-wake-max-us=467
FW1814 44.1 capture consumer detected; live capture enabled
FW1814 44.1 capture consumer detected; live capture enabled
FW1814-44 out-shared=0 pcm=120 tx-audio=3925563400 tx-silence=12866024 tx-late=16 tx-max-gap=1781 tx-roll-packets=714450797 tx-roll-miss=0 marker-pb=263231608045831 marker-tx=263231610095304 marker-cap=263231628579931 pcm-underrun=12869552 pb-read=3925563520 hal-calls=45483741 hal-frames=6156209794 hal-drop=15736832 in-peak=1.45 clip=1 nonfinite=0 | capture=3938387376 (delta 88200) queued=128 cap-drop=12860824 cap-active=1 hal-in-reads=30665443 hal-in-frames=3925521832 hal-in-zero=71384 hal-in-underrun=86 rx-touched=256/256 chunks=22326585 repeat-ts=2596931 malformed=0 invalid=0 nodata=222152297 dbc-gap=0 ts-regress=54269 reorder=0 stale=0 rt-loop-us=35.9/200 rt-cap-us=7.18/104 rt-pb-us=3.7/71.9 rt-tx-us=25.1/96.1 rt-wake-max-us=417
FW1814 44.1 capture consumer detected; live capture enabled
FW1814-44 out-shared=0 pcm=88 tx-audio=3925643496 tx-silence=12874144 tx-late=16 tx-max-gap=1781 tx-roll-packets=714466799 tx-roll-miss=0 marker-pb=263231608045831 marker-tx=263231610095304 marker-cap=263231628579931 pcm-underrun=12877672 pb-read=3925643584 hal-calls=45484158 hal-frames=6156289858 hal-drop=15736832 in-peak=1.45 clip=1 nonfinite=0 | capture=3938475576 (delta 88200) queued=144 cap-drop=12869248 cap-active=1 hal-in-reads=30665860 hal-in-frames=3925601496 hal-in-zero=71784 hal-in-underrun=87 rx-touched=256/256 chunks=22327085 repeat-ts=2596958 malformed=0 invalid=0 nodata=222157272 dbc-gap=0 ts-regress=54270 reorder=0 stale=0 rt-loop-us=35.9/180 rt-cap-us=7.14/88.3 rt-pb-us=4.09/72.8 rt-tx-us=24.7/115 rt-wake-max-us=456
FW1814 44.1 capture consumer detected; live capture enabled
FW1814 44.1 capture consumer detected; live capture enabled
FW1814-44 out-shared=0 pcm=24 tx-audio=3925715560 tx-silence=12890296 tx-late=16 tx-max-gap=1781 tx-roll-packets=714482802 tx-roll-miss=0 marker-pb=263231608045831 marker-tx=263231610095304 marker-cap=263231628579931 pcm-underrun=12893824 pb-read=3925715584 hal-calls=45484534 hal-frames=6156362050 hal-drop=15736832 in-peak=1.45 clip=1 nonfinite=0 | capture=3938563952 (delta 88376) queued=208 cap-drop=12886000 cap-active=1 hal-in-reads=30666236 hal-in-frames=3925672864 hal-in-zero=72608 hal-in-underrun=92 rx-touched=256/256 chunks=22327586 repeat-ts=2597039 malformed=0 invalid=0 nodata=222162257 dbc-gap=0 ts-regress=54270 reorder=0 stale=0 rt-loop-us=36.7/182 rt-cap-us=7.24/91.7 rt-pb-us=3.72/76.3 rt-tx-us=25.7/95.1 rt-wake-max-us=449
FW1814 44.1 capture consumer detected; live capture enabled
FW1814-44 out-shared=0 pcm=32 tx-audio=3925795616 tx-silence=12898448 tx-late=16 tx-max-gap=1781 tx-roll-packets=714498804 tx-roll-miss=0 marker-pb=263231608045831 marker-tx=263231610095304 marker-cap=263231628579931 pcm-underrun=12901976 pb-read=3925795648 hal-calls=45484950 hal-frames=6156441922 hal-drop=15736832 in-peak=1.45 clip=1 nonfinite=0 | capture=3938652152 (delta 88200) queued=200 cap-drop=12894432 cap-active=1 hal-in-reads=30666653 hal-in-frames=3925752544 hal-in-zero=72992 hal-in-underrun=92 rx-touched=256/256 chunks=22328086 repeat-ts=2597133 malformed=0 invalid=0 nodata=222167232 dbc-gap=0 ts-regress=54275 reorder=0 stale=0 rt-loop-us=36.1/180 rt-cap-us=7.22/91.8 rt-pb-us=4.11/76.6 rt-tx-us=24.8/106 rt-wake-max-us=549
FW1814 44.1 capture consumer detected; live capture enabled
FW1814 44.1 capture consumer detected; live capture enabled
FW1814-44 out-shared=0 pcm=80 tx-audio=3925867376 tx-silence=12914896 tx-late=16 tx-max-gap=1781 tx-roll-packets=714514806 tx-roll-miss=0 marker-pb=263231608045831 marker-tx=263231610095304 marker-cap=263231628579931 pcm-underrun=12918424 pb-read=3925867456 hal-calls=45485324 hal-frames=6156513730 hal-drop=15736832 in-peak=1.45 clip=1 nonfinite=0 | capture=3938740352 (delta 88200) queued=328 cap-drop=12911464 cap-active=1 hal-in-reads=30667026 hal-in-frames=3925823392 hal-in-zero=73760 hal-in-underrun=92 rx-touched=256/256 chunks=22328586 repeat-ts=2597171 malformed=0 invalid=0 nodata=222172207 dbc-gap=0 ts-regress=54275 reorder=0 stale=0 rt-loop-us=36.2/245 rt-cap-us=7.24/131 rt-pb-us=3.71/72.8 rt-tx-us=25.2/106 rt-wake-max-us=491
FW1814 44.1 capture consumer detected; live capture enabled
FW1814-44 out-shared=0 pcm=168 tx-audio=3925947544 tx-silence=12922952 tx-late=16 tx-max-gap=1781 tx-roll-packets=714530809 tx-roll-miss=0 marker-pb=263231608045831 marker-tx=263231610095304 marker-cap=263231628579931 pcm-underrun=12926480 pb-read=3925947712 hal-calls=45485742 hal-frames=6156593986 hal-drop=15736832 in-peak=1.45 clip=1 nonfinite=0 | capture=3938828552 (delta 88200) queued=184 cap-drop=12919896 cap-active=1 hal-in-reads=30667444 hal-in-frames=3925903208 hal-in-zero=74200 hal-in-underrun=96 rx-touched=256/256 chunks=22329086 repeat-ts=2597239 malformed=0 invalid=0 nodata=222177182 dbc-gap=0 ts-regress=54276 reorder=0 stale=0 rt-loop-us=36.8/190 rt-cap-us=7.24/90.8 rt-pb-us=4.1/83.8 rt-tx-us=25.5/81.5 rt-wake-max-us=435
FW1814 44.1 capture consumer detected; live capture enabled
FW1814 44.1 capture consumer detected; live capture enabled
FW1814-44 out-shared=0 pcm=56 tx-audio=3926019272 tx-silence=12939432 tx-late=16 tx-max-gap=1781 tx-roll-packets=714546811 tx-roll-miss=0 marker-pb=263231608045831 marker-tx=263231610095304 marker-cap=263231628579931 pcm-underrun=12942960 pb-read=3926019328 hal-calls=45486115 hal-frames=6156665602 hal-drop=15736832 in-peak=1.45 clip=1 nonfinite=0 | capture=3938916752 (delta 88200) queued=272 cap-drop=12936968 cap-active=1 hal-in-reads=30667817 hal-in-frames=3925974056 hal-in-zero=74968 hal-in-underrun=96 rx-touched=256/256 chunks=22329586 repeat-ts=2597332 malformed=0 invalid=0 nodata=222182157 dbc-gap=0 ts-regress=54277 reorder=0 stale=0 rt-loop-us=35.9/206 rt-cap-us=7.21/100 rt-pb-us=3.74/71.2 rt-tx-us=25/99.1 rt-wake-max-us=427
FW1814 44.1 capture consumer detected; live capture enabled
FW1814-44 out-shared=0 pcm=0 tx-audio=3926096896 tx-silence=12950016 tx-late=16 tx-max-gap=1781 tx-roll-packets=714562813 tx-roll-miss=0 marker-pb=263231608045831 marker-tx=263231610095304 marker-cap=263231628579931 pcm-underrun=12953544 pb-read=3926096896 hal-calls=45486519 hal-frames=6156743170 hal-drop=15736832 in-peak=1.45 clip=1 nonfinite=0 | capture=3939004952 (delta 88200) queued=2968 cap-drop=12945200 cap-active=1 hal-in-reads=30668221 hal-in-frames=3926051232 hal-in-zero=75360 hal-in-underrun=97 rx-touched=256/256 chunks=22330086 repeat-ts=2597367 malformed=0 invalid=0 nodata=222187132 dbc-gap=0 ts-regress=54279 reorder=0 stale=0 rt-loop-us=36.1/199 rt-cap-us=7.19/102 rt-pb-us=3.99/72.5 rt-tx-us=24.9/103 rt-wake-max-us=442
FW1814 44.1 capture consumer detected; live capture enabled
FW1814 44.1 capture consumer detected; live capture enabled
FW1814-44 out-shared=0 pcm=104 tx-audio=3926170904 tx-silence=12964224 tx-late=16 tx-max-gap=1781 tx-roll-packets=714578816 tx-roll-miss=0 marker-pb=263231608045831 marker-tx=263231610095304 marker-cap=263231628579931 pcm-underrun=12967752 pb-read=3926171008 hal-calls=45486905 hal-frames=6156817282 hal-drop=15736832 in-peak=1.45 clip=1 nonfinite=0 | capture=3939093152 (delta 88200) queued=224 cap-drop=12962616 cap-active=1 hal-in-reads=30668607 hal-in-frames=3926124560 hal-in-zero=76144 hal-in-underrun=98 rx-touched=256/256 chunks=22330586 repeat-ts=2597429 malformed=0 invalid=0 nodata=222192107 dbc-gap=0 ts-regress=54279 reorder=0 stale=0 rt-loop-us=36.8/169 rt-cap-us=7.19/106 rt-pb-us=3.84/69.7 rt-tx-us=25.8/103 rt-wake-max-us=481
FW1814 44.1 capture consumer detected; live capture enabled
FW1814-44 out-shared=0 pcm=0 tx-audio=3926245888 tx-silence=12977456 tx-late=16 tx-max-gap=1781 tx-roll-packets=714594818 tx-roll-miss=0 marker-pb=263231608045831 marker-tx=263231610095304 marker-cap=263231628579931 pcm-underrun=12980984 pb-read=3926245888 hal-calls=45487295 hal-frames=6156892162 hal-drop=15736832 in-peak=1.45 clip=1 nonfinite=0 | capture=3939181352 (delta 88200) queued=5256 cap-drop=12971192 cap-active=1 hal-in-reads=30668997 hal-in-frames=3926199056 hal-in-zero=76528 hal-in-underrun=98 rx-touched=256/256 chunks=22331086 repeat-ts=2597527 malformed=0 invalid=0 nodata=222197082 dbc-gap=0 ts-regress=54281 reorder=0 stale=0 rt-loop-us=36/188 rt-cap-us=7.22/115 rt-pb-us=3.83/69.8 rt-tx-us=24.9/101 rt-wake-max-us=443
FW1814 44.1 capture consumer detected; live capture enabled
FW1814 performance profile: conservative (500 us)
FW1814-44 out-shared=0 pcm=0 tx-audio=3926295616 tx-silence=13015944 tx-late=16 tx-max-gap=1781 tx-roll-packets=714610821 tx-roll-miss=0 marker-pb=263231608045831 marker-tx=263231610095304 marker-cap=263231628579931 pcm-underrun=13019472 pb-read=3926295616 hal-calls=45487554 hal-frames=6156941890 hal-drop=15736832 in-peak=1.45 clip=1 nonfinite=0 | capture=3939269552 (delta 88200) queued=32768 cap-drop=12982480 cap-active=1 hal-in-reads=30669256 hal-in-frames=3926248360 hal-in-zero=76952 hal-in-underrun=102 rx-touched=256/256 chunks=22331586 repeat-ts=2597567 malformed=0 invalid=0 nodata=222202057 dbc-gap=0 ts-regress=54282 reorder=0 stale=0 rt-loop-us=38.9/236 rt-cap-us=8.38/119 rt-pb-us=2.98/71.8 rt-tx-us=27.5/136 rt-wake-max-us=497
FW1814 44.1 capture consumer detected; live capture enabled
FW1814-44 out-shared=0 pcm=80 tx-audio=3926318192 tx-silence=13081568 tx-late=16 tx-max-gap=1781 tx-roll-packets=714626821 tx-roll-miss=0 marker-pb=263231608045831 marker-tx=263231610095304 marker-cap=263231628579931 pcm-underrun=13085096 pb-read=3926318272 hal-calls=45487672 hal-frames=6156964546 hal-drop=15736832 in-peak=1.45 clip=1 nonfinite=0 | capture=3939357752 (delta 88200) queued=208 cap-drop=13080872 cap-active=1 hal-in-reads=30669374 hal-in-frames=3926270632 hal-in-zero=77336 hal-in-underrun=102 rx-touched=256/256 chunks=22332086 repeat-ts=2597567 malformed=0 invalid=0 nodata=222207032 dbc-gap=0 ts-regress=54282 reorder=0 stale=0 rt-loop-us=43.1/229 rt-cap-us=9.85/110 rt-pb-us=2.03/71.6 rt-tx-us=31.2/158 rt-wake-max-us=386
FW1814 44.1 capture consumer detected; live capture enabled
FW1814-44 out-shared=0 pcm=0 tx-audio=3926395072 tx-silence=13092888 tx-late=16 tx-max-gap=1781 tx-roll-packets=714642821 tx-roll-miss=0 marker-pb=263231608045831 marker-tx=263231610095304 marker-cap=263231628579931 pcm-underrun=13096416 pb-read=3926395072 hal-calls=45488072 hal-frames=6157041346 hal-drop=15736832 in-peak=1.45 clip=1 nonfinite=0 | capture=3939445952 (delta 88200) queued=3816 cap-drop=13088952 cap-active=1 hal-in-reads=30669774 hal-in-frames=3926347048 hal-in-zero=77720 hal-in-underrun=102 rx-touched=256/256 chunks=22332586 repeat-ts=2597567 malformed=0 invalid=0 nodata=222212007 dbc-gap=0 ts-regress=54282 reorder=0 stale=0 rt-loop-us=42.2/233 rt-cap-us=8.98/92.6 rt-pb-us=5.25/71.2 rt-tx-us=28/101 rt-wake-max-us=323
FW1814 44.1 capture consumer detected; live capture enabled
FW1814 44.1 capture consumer detected; live capture enabled
FW1814-44 out-shared=0 pcm=152 tx-audio=3926470760 tx-silence=13105400 tx-late=16 tx-max-gap=1781 tx-roll-packets=714658822 tx-roll-miss=0 marker-pb=263231608045831 marker-tx=263231610095304 marker-cap=263231628579931 pcm-underrun=13108928 pb-read=3926470912 hal-calls=45488467 hal-frames=6157117186 hal-drop=15736832 in-peak=1.45 clip=1 nonfinite=0 | capture=3939534152 (delta 88200) queued=128 cap-drop=13105632 cap-active=1 hal-in-reads=30670169 hal-in-frames=3926422064 hal-in-zero=78544 hal-in-underrun=107 rx-touched=256/256 chunks=22333086 repeat-ts=2597567 malformed=0 invalid=0 nodata=222216982 dbc-gap=0 ts-regress=54283 reorder=0 stale=0 rt-loop-us=43.1/228 rt-cap-us=9.05/102 rt-pb-us=5.25/81.1 rt-tx-us=28.8/142 rt-wake-max-us=392
FW1814 44.1 capture consumer detected; live capture enabled
FW1814-44 out-shared=0 pcm=0 tx-audio=3926544256 tx-silence=13120104 tx-late=16 tx-max-gap=1781 tx-roll-packets=714674822 tx-roll-miss=0 marker-pb=263231608045831 marker-tx=263231610095304 marker-cap=263231628579931 pcm-underrun=13123632 pb-read=3926544256 hal-calls=45488849 hal-frames=6157190530 hal-drop=15736832 in-peak=1.45 clip=1 nonfinite=0 | capture=3939622352 (delta 88200) queued=7256 cap-drop=13113704 cap-active=1 hal-in-reads=30670551 hal-in-frames=3926494968 hal-in-zero=78984 hal-in-underrun=111 rx-touched=256/256 chunks=22333586 repeat-ts=2597567 malformed=0 invalid=0 nodata=222221957 dbc-gap=0 ts-regress=54283 reorder=0 stale=0 rt-loop-us=42.4/203 rt-cap-us=8.94/83.3 rt-pb-us=5.03/68.5 rt-tx-us=28.5/101 rt-wake-max-us=315
FW1814 44.1 capture consumer detected; live capture enabled
FW1814 44.1 capture consumer detected; live capture enabled
FW1814-44 out-shared=0 pcm=96 tx-audio=3926623072 tx-silence=13129488 tx-late=16 tx-max-gap=1781 tx-roll-packets=714690822 tx-roll-miss=0 marker-pb=263231608045831 marker-tx=263231610095304 marker-cap=263231628579931 pcm-underrun=13133016 pb-read=3926623168 hal-calls=45489260 hal-frames=6157269442 hal-drop=15736832 in-peak=1.45 clip=1 nonfinite=0 | capture=3939710552 (delta 88200) queued=224 cap-drop=13130600 cap-active=1 hal-in-reads=30670962 hal-in-frames=3926573112 hal-in-zero=79752 hal-in-underrun=111 rx-touched=256/256 chunks=22334086 repeat-ts=2597567 malformed=0 invalid=0 nodata=222226932 dbc-gap=0 ts-regress=54283 reorder=0 stale=0 rt-loop-us=42.7/216 rt-cap-us=8.99/92.5 rt-pb-us=5.4/90.1 rt-tx-us=28.3/124 rt-wake-max-us=359
FW1814 44.1 capture consumer detected; live capture enabled
FW1814 44.1 capture consumer detected; live capture enabled
FW1814-44 out-shared=0 pcm=112 tx-audio=3926694864 tx-silence=13145904 tx-late=16 tx-max-gap=1781 tx-roll-packets=714706823 tx-roll-miss=0 marker-pb=263231608045831 marker-tx=263231610095304 marker-cap=263231628579931 pcm-underrun=13149432 pb-read=3926694976 hal-calls=45489634 hal-frames=6157341250 hal-drop=15736832 in-peak=1.45 clip=1 nonfinite=0 | capture=3939798752 (delta 88200) queued=160 cap-drop=13147632 cap-active=1 hal-in-reads=30671336 hal-in-frames=3926644152 hal-in-zero=80520 hal-in-underrun=111 rx-touched=256/256 chunks=22334586 repeat-ts=2597567 malformed=0 invalid=0 nodata=222231907 dbc-gap=0 ts-regress=54283 reorder=0 stale=0 rt-loop-us=42.8/204 rt-cap-us=9.15/110 rt-pb-us=4.98/77.5 rt-tx-us=28.7/116 rt-wake-max-us=348
FW1814 44.1 capture consumer detected; live capture enabled
FW1814-44 out-shared=0 pcm=32 tx-audio=3926775008 tx-silence=13153960 tx-late=16 tx-max-gap=1781 tx-roll-packets=714722823 tx-roll-miss=0 marker-pb=263231608045831 marker-tx=263231610095304 marker-cap=263231628579931 pcm-underrun=13157488 pb-read=3926775040 hal-calls=45490051 hal-frames=6157421314 hal-drop=15736832 in-peak=1.45 clip=1 nonfinite=0 | capture=3939886952 (delta 88200) queued=48 cap-drop=13156048 cap-active=1 hal-in-reads=30671754 hal-in-frames=3926723952 hal-in-zero=80976 hal-in-underrun=117 rx-touched=256/256 chunks=22335086 repeat-ts=2597568 malformed=0 invalid=0 nodata=222236882 dbc-gap=0 ts-regress=54284 reorder=0 stale=0 rt-loop-us=42.6/184 rt-cap-us=8.98/92.7 rt-pb-us=5.45/71.6 rt-tx-us=28.2/101 rt-wake-max-us=348
FW1814 44.1 capture consumer detected; live capture enabled
FW1814 44.1 capture consumer detected; live capture enabled
FW1814-44 out-shared=0 pcm=112 tx-audio=3926847312 tx-silence=13169856 tx-late=16 tx-max-gap=1781 tx-roll-packets=714738823 tx-roll-miss=0 marker-pb=263231608045831 marker-tx=263231610095304 marker-cap=263231628579931 pcm-underrun=13173384 pb-read=3926847424 hal-calls=45490428 hal-frames=6157493698 hal-drop=15736832 in-peak=1.45 clip=1 nonfinite=0 | capture=3939975152 (delta 88200) queued=232 cap-drop=13172504 cap-active=1 hal-in-reads=30672130 hal-in-frames=3926795320 hal-in-zero=81800 hal-in-underrun=121 rx-touched=256/256 chunks=22335586 repeat-ts=2597581 malformed=0 invalid=0 nodata=222241857 dbc-gap=0 ts-regress=54284 reorder=0 stale=0 rt-loop-us=42.2/173 rt-cap-us=9.09/93.3 rt-pb-us=5.01/81.9 rt-tx-us=28.1/135 rt-wake-max-us=333
FW1814 44.1 capture consumer detected; live capture enabled
FW1814-44 out-shared=0 pcm=120 tx-audio=3926927560 tx-silence=13177808 tx-late=16 tx-max-gap=1781 tx-roll-packets=714754823 tx-roll-miss=0 marker-pb=263231608045831 marker-tx=263231610095304 marker-cap=263231628579931 pcm-underrun=13181336 pb-read=3926927680 hal-calls=45490846 hal-frames=6157573954 hal-drop=15736832 in-peak=1.45 clip=1 nonfinite=0 | capture=3940063352 (delta 88200) queued=208 cap-drop=13180760 cap-active=1 hal-in-reads=30672548 hal-in-frames=3926875192 hal-in-zero=82184 hal-in-underrun=121 rx-touched=256/256 chunks=22336086 repeat-ts=2597659 malformed=0 invalid=0 nodata=222246832 dbc-gap=0 ts-regress=54285 reorder=0 stale=0 rt-loop-us=42.2/192 rt-cap-us=8.91/83.7 rt-pb-us=5.44/81 rt-tx-us=27.9/95.1 rt-wake-max-us=321
FW1814 44.1 capture consumer detected; live capture enabled
FW1814 44.1 capture consumer detected; live capture enabled
FW1814-44 out-shared=0 pcm=136 tx-audio=3926999736 tx-silence=13193840 tx-late=16 tx-max-gap=1781 tx-roll-packets=714770824 tx-roll-miss=0 marker-pb=263231608045831 marker-tx=263231610095304 marker-cap=263231628579931 pcm-underrun=13197368 pb-read=3926999872 hal-calls=45491222 hal-frames=6157646146 hal-drop=15736832 in-peak=1.45 clip=1 nonfinite=0 | capture=3940151552 (delta 88200) queued=136 cap-drop=13197440 cap-active=1 hal-in-reads=30672924 hal-in-frames=3926946592 hal-in-zero=82976 hal-in-underrun=122 rx-touched=256/256 chunks=22336586 repeat-ts=2597920 malformed=0 invalid=0 nodata=222251807 dbc-gap=0 ts-regress=54287 reorder=0 stale=0 rt-loop-us=43.8/181 rt-cap-us=9.25/102 rt-pb-us=5.02/79.4 rt-tx-us=29.5/110 rt-wake-max-us=297
FW1814 44.1 capture consumer detected; live capture enabled
FW1814-44 out-shared=0 pcm=184 tx-audio=3927079944 tx-silence=13201832 tx-late=16 tx-max-gap=1781 tx-roll-packets=714786824 tx-roll-miss=0 marker-pb=263231608045831 marker-tx=263231610095304 marker-cap=263231628579931 pcm-underrun=13205360 pb-read=3927080128 hal-calls=45491640 hal-frames=6157726402 hal-drop=15736832 in-peak=1.45 clip=1 nonfinite=0 | capture=3940239752 (delta 88200) queued=120 cap-drop=13205688 cap-active=1 hal-in-reads=30673342 hal-in-frames=3927026464 hal-in-zero=83360 hal-in-underrun=122 rx-touched=256/256 chunks=22337086 repeat-ts=2598192 malformed=0 invalid=0 nodata=222256782 dbc-gap=0 ts-regress=54290 reorder=0 stale=0 rt-loop-us=44.5/185 rt-cap-us=9.42/88.4 rt-pb-us=5.65/72.9 rt-tx-us=29.5/146 rt-wake-max-us=293
FW1814 44.1 capture consumer detected; live capture enabled
FW1814 44.1 capture consumer detected; live capture enabled
FW1814-44 out-shared=0 pcm=32 tx-audio=3927151904 tx-silence=13218072 tx-late=16 tx-max-gap=1781 tx-roll-packets=714802824 tx-roll-miss=0 marker-pb=263231608045831 marker-tx=263231610095304 marker-cap=263231628579931 pcm-underrun=13221600 pb-read=3927151936 hal-calls=45492014 hal-frames=6157798210 hal-drop=15736832 in-peak=1.45 clip=1 nonfinite=0 | capture=3940327952 (delta 88200) queued=248 cap-drop=13222544 cap-active=1 hal-in-reads=30673716 hal-in-frames=3927097488 hal-in-zero=84144 hal-in-underrun=124 rx-touched=256/256 chunks=22337586 repeat-ts=2598247 malformed=0 invalid=0 nodata=222261757 dbc-gap=0 ts-regress=54291 reorder=0 stale=0 rt-loop-us=43.1/185 rt-cap-us=9.23/96.5 rt-pb-us=4.99/78.6 rt-tx-us=28.9/124 rt-wake-max-us=343
FW1814 44.1 capture consumer detected; live capture enabled
FW1814-44 out-shared=0 pcm=192 tx-audio=3927231808 tx-silence=13226376 tx-late=16 tx-max-gap=1781 tx-roll-packets=714818825 tx-roll-miss=0 marker-pb=263231608045831 marker-tx=263231610095304 marker-cap=263231628579931 pcm-underrun=13229904 pb-read=3927232000 hal-calls=45492431 hal-frames=6157878274 hal-drop=15736832 in-peak=1.45 clip=1 nonfinite=0 | capture=3940416152 (delta 88200) queued=72 cap-drop=13231144 cap-active=1 hal-in-reads=30674133 hal-in-frames=3927177168 hal-in-zero=84528 hal-in-underrun=124 rx-touched=256/256 chunks=22338086 repeat-ts=2598249 malformed=0 invalid=0 nodata=222266732 dbc-gap=0 ts-regress=54291 reorder=0 stale=0 rt-loop-us=43.1/174 rt-cap-us=8.96/95 rt-pb-us=5.47/77.1 rt-tx-us=28.7/116 rt-wake-max-us=340
FW1814 44.1 capture consumer detected; live capture enabled
FW1814 44.1 capture consumer detected; live capture enabled
FW1814-44 out-shared=0 pcm=0 tx-audio=3927289600 tx-silence=13256800 tx-late=16 tx-max-gap=1781 tx-roll-packets=714834829 tx-roll-miss=0 marker-pb=263231608045831 marker-tx=263231610095304 marker-cap=263231628579931 pcm-underrun=13260328 pb-read=3927289600 hal-calls=45492731 hal-frames=6157935874 hal-drop=15736832 in-peak=1.45 clip=1 nonfinite=0 | capture=3940504352 (delta 88200) queued=15424 cap-drop=13239576 cap-active=1 hal-in-reads=30674433 hal-in-frames=3927234312 hal-in-zero=84984 hal-in-underrun=129 rx-touched=256/256 chunks=22338586 repeat-ts=2598250 malformed=0 invalid=0 nodata=222271707 dbc-gap=0 ts-regress=54291 reorder=0 stale=0 rt-loop-us=41.5/212 rt-cap-us=9.13/111 rt-pb-us=4.03/73.5 rt-tx-us=28.4/130 rt-wake-max-us=358
FW1814 rate request changed: 44100 -> 48000 Hz; stopping current transport
FW1814 controlled rate handoff requested; restarting without firmware recovery
FW1814 applying validated init-48000
macfw fw1814init — guarded M-Audio special-firmware initializer

planned baseline:
    clock:       Internal (0x03)
    digital in:  S/PDIF
    digital out: S/PDIF
    lock:        off
    sample rate: 48000 Hz

registry identity: PASS
generation: 381
remote node: 0xffc1
BeBoB operational fingerprint: PASS

setting known clock/digital baseline...
    result: PASS
setting device OUTPUT signal format to 48000 Hz...
    OUTPUT result: PASS
waiting 100 ms before INPUT rate CONTROL (FW1814 quirk)...
setting device INPUT signal format to 48000 Hz...
    INPUT result: PASS
authoritative INPUT rate readback: 48000 Hz
Linux reference S/PDIF stream formation at 44.1/48 kHz:
    device -> host capture:  10 PCM + 1 MIDI
    host -> device playback: 6 PCM + 1 MIDI

status: PASS
FW1814 post-init 48000 PASS; starting 48 kHz analog transport engine
FW1814 native engine started (pid 6217); waiting for READY
macfw fw1814analog48 — experimental 48 kHz analog full-duplex engine
FW1814 capture SHM ready: /macfw_fw1814_capture_v1 (1048712-byte ABI, 48000 Hz, 8 channels, reused)
FW1814 analog routing: Stream 1/2->Mix 1/2->Analog 1/2, Stream 3/4->Mix 3/4->Analog 3/4; Headphones 1/2->Mix 1/2; analog monitor routes off; software-return levels at unity; all analog input monitor levels at unity; all analog input pairs panned left/right
FW1814 playback TX ring: 640 packets / 320-packet halves (80 ms / 40 ms)
FW1814 rolling TX: 96-cycle lead (12 ms), 48-cycle deadline guard
FW1814 capture RX ring: 256 packets / 32-packet publication chunks
FW1814 isoch callback thread QoS: user-interactive
FW1814 duplex ISO started: playback ch=0 capture ch=1
FW1814 isoch callback dispatcher: dedicated run-loop thread
FW1814 ISO settle: 50 ms
FW1814 special stream kick: OUTPUT 48000 Hz
FW1814 special stream kick: wait 100 ms
FW1814 special stream kick: INPUT 48000 Hz
FW1814 stream kick: PASS (matched INTERIMs=0, ignored unrelated=0)
FW1814 control socket: /tmp/macfw-fw1814-control.sock
FW1814 analog engine ONLINE
    CoreAudio-facing outputs: Analog 1-4
    CoreAudio-facing inputs:  Analog 1-8
    digital/MIDI/headphone levels: deferred
    audio service: dedicated Mach-paced thread (250 us)
    Ctrl-C to stop
FW1814 audio service thread QoS: user-interactive
FW1814 audio service thread time-constraint: period=2000 us computation=500 us constraint=2000 us
FW1814 native engine reported READY; restoring saved control state
SW Return 3/4 -> Mixer 3/4: off
SW Return 3/4 -> Mixer 1/2: on
SW Return 3/4 level:
  left:  0 dB (raw 0)
  right: 0 dB (raw 0)
GAIN_STM_12_IN: 0x00000000 (write-only cache)
FW1814 performance profile: conservative
  audio service period: 500 us
  environment override: inactive
Headphone Output 1 volume:
  left:  -8 dB (raw -2048)
  right: -8 dB (raw -2048)
GAIN_HP_1_OUT: 0xf800f800 (write-only cache)
fw1814state: restored 5 saved controls
FW1814 saved control state restored
FW1814 performance profile: conservative (500 us)
FW1814 capture consumer resumed; fresh capture enabled
FW1814 control state READY
FW1814 out-shared=0 pcm=0 tx-audio=53376 tx-silence=46448 tx-late=1 tx-max-gap=3795 tx-roll-packets=15998 tx-roll-miss=0 hal-calls=45493009 hal-frames=6157989250 hal-drop=15736832 in-peak=0.8 clip=0 nonfinite=0 | capture=72088 (delta 72088) queued=16832 rx-touched=256/256 chunks=498 malformed=0 invalid=0 nodata=6925 dbc-gap=0 reorder=0 stale=0 rt-loop-us=33.1465/205.339 rt-cap-us=8.41911/166.902 rt-pb-us=3.49542/83.296 rt-tx-us=21.232/138.494 rt-wake-max-us=152.314
FW1814 out-shared=0 pcm=0 tx-audio=53376 tx-silence=142448 tx-late=1 tx-max-gap=3795 tx-roll-packets=31998 tx-roll-miss=0 hal-calls=45493009 hal-frames=6157989250 hal-drop=15736832 in-peak=0.8 clip=0 nonfinite=0 | capture=168088 (delta 96000) queued=32768 rx-touched=256/256 chunks=998 malformed=0 invalid=0 nodata=10925 dbc-gap=0 reorder=0 stale=0 rt-loop-us=36.6756/156.274 rt-cap-us=12.2974/111.622 rt-pb-us=0.221273/15.06 rt-tx-us=24.1569/97.844 rt-wake-max-us=219.917
FW1814 performance profile: aggressive (250 us)
FW1814 out-shared=0 pcm=0 tx-audio=53376 tx-silence=238464 tx-late=1 tx-max-gap=3795 tx-roll-packets=48000 tx-roll-miss=0 hal-calls=45493009 hal-frames=6157989250 hal-drop=15736832 in-peak=0.8 clip=0 nonfinite=0 | capture=264088 (delta 96000) queued=32768 rx-touched=256/256 chunks=1498 malformed=0 invalid=0 nodata=14925 dbc-gap=0 reorder=0 stale=0 rt-loop-us=26.9133/163.182 rt-cap-us=8.25228/116.617 rt-pb-us=0.145559/14.154 rt-tx-us=18.5154/104.491 rt-wake-max-us=222.373
FW1814 capture consumer resumed; fresh capture enabled
FW1814 out-shared=0 pcm=160 tx-audio=104864 tx-silence=282976 tx-late=1 tx-max-gap=3795 tx-roll-packets=64001 tx-roll-miss=0 hal-calls=45493278 hal-frames=6158040898 hal-drop=15736832 in-peak=0.8 clip=0 nonfinite=0 | capture=360480 (delta 96392) queued=904 rx-touched=256/256 chunks=2000 malformed=0 invalid=0 nodata=18940 dbc-gap=4 reorder=0 stale=0 rt-loop-us=27.8259/237.475 rt-cap-us=7.10346/189.535 rt-pb-us=1.84069/78.05 rt-tx-us=18.8818/102.389 rt-wake-max-us=464.608
FW1814 capture consumer resumed; fresh capture enabled
FW1814 capture consumer resumed; fresh capture enabled
FW1814 out-shared=0 pcm=64 tx-audio=183104 tx-silence=300736 tx-late=1 tx-max-gap=3795 tx-roll-packets=80001 tx-roll-miss=0 hal-calls=45493685 hal-frames=6158119042 hal-drop=15736832 in-peak=0.8 clip=0 nonfinite=0 | capture=456872 (delta 96392) queued=512 rx-touched=256/256 chunks=2502 malformed=0 invalid=0 nodata=22955 dbc-gap=8 reorder=0 stale=0 rt-loop-us=29.0662/199.333 rt-cap-us=7.5602/184.897 rt-pb-us=2.7015/71.383 rt-tx-us=18.8045/90.58 rt-wake-max-us=369.551
FW1814 capture consumer resumed; fresh capture enabled
FW1814 out-shared=0 pcm=0 tx-audio=267072 tx-silence=312768 tx-late=1 tx-max-gap=3795 tx-roll-packets=96001 tx-roll-miss=0 hal-calls=45494122 hal-frames=6158202946 hal-drop=15736832 in-peak=0.8 clip=0 nonfinite=0 | capture=552872 (delta 96000) queued=3776 rx-touched=256/256 chunks=3002 malformed=0 invalid=0 nodata=26955 dbc-gap=8 reorder=0 stale=0 rt-loop-us=28.4871/193.225 rt-cap-us=7.32777/149.363 rt-pb-us=2.8236/68.425 rt-tx-us=18.3357/72.313 rt-wake-max-us=370.785
FW1814 capture consumer resumed; fresh capture enabled
FW1814 capture consumer resumed; fresh capture enabled
FW1814 out-shared=0 pcm=144 tx-audio=348528 tx-silence=327320 tx-late=1 tx-max-gap=3795 tx-roll-packets=112002 tx-roll-miss=0 hal-calls=45494547 hal-frames=6158284546 hal-drop=15736832 in-peak=0.8 clip=0 nonfinite=0 | capture=648872 (delta 96000) queued=512 rx-touched=256/256 chunks=3502 malformed=0 invalid=0 nodata=30955 dbc-gap=8 reorder=0 stale=0 rt-loop-us=29.4692/285.057 rt-cap-us=7.28765/157.707 rt-pb-us=2.83219/73.963 rt-tx-us=19.3494/76.554 rt-wake-max-us=391.256
FW1814 capture consumer resumed; fresh capture enabled
FW1814 out-shared=0 pcm=0 tx-audio=426624 tx-silence=345224 tx-late=1 tx-max-gap=3795 tx-roll-packets=128002 tx-roll-miss=0 hal-calls=45494953 hal-frames=6158362498 hal-drop=15736832 in-peak=0.8 clip=0 nonfinite=0 | capture=744872 (delta 96000) queued=9344 rx-touched=256/256 chunks=4002 malformed=0 invalid=0 nodata=34955 dbc-gap=8 reorder=0 stale=0 rt-loop-us=28.6211/218.212 rt-cap-us=7.30106/143.19 rt-pb-us=2.7017/70.67 rt-tx-us=18.6183/84.264 rt-wake-max-us=369.394
FW1814 capture consumer resumed; fresh capture enabled
FW1814 capture consumer resumed; fresh capture enabled
FW1814 out-shared=0 pcm=88 tx-audio=513512 tx-silence=354336 tx-late=1 tx-max-gap=3795 tx-roll-packets=144002 tx-roll-miss=0 hal-calls=45495406 hal-frames=6158449474 hal-drop=15736832 in-peak=0.8 clip=0 nonfinite=0 | capture=840872 (delta 96000) queued=512 rx-touched=256/256 chunks=4502 malformed=0 invalid=0 nodata=38955 dbc-gap=8 reorder=0 stale=0 rt-loop-us=28.4502/187.526 rt-cap-us=7.18102/148.104 rt-pb-us=2.98047/73.241 rt-tx-us=18.2887/91.707 rt-wake-max-us=384.456
FW1814 capture consumer resumed; fresh capture enabled
FW1814 capture consumer resumed; fresh capture enabled
FW1814 out-shared=0 pcm=120 tx-audio=591048 tx-silence=372808 tx-late=1 tx-max-gap=3795 tx-roll-packets=160003 tx-roll-miss=0 hal-calls=45495810 hal-frames=6158527042 hal-drop=15736832 in-peak=0.8 clip=0 nonfinite=0 | capture=937072 (delta 96200) queued=512 rx-touched=256/256 chunks=5003 malformed=0 invalid=0 nodata=42962 dbc-gap=10 reorder=0 stale=0 rt-loop-us=29.2806/179.915 rt-cap-us=7.28676/125.946 rt-pb-us=2.6661/73.482 rt-tx-us=19.3277/87.841 rt-wake-max-us=358.898
FW1814 capture consumer resumed; fresh capture enabled
FW1814 out-shared=0 pcm=48 tx-audio=678096 tx-silence=381760 tx-late=1 tx-max-gap=3795 tx-roll-packets=176003 tx-roll-miss=0 hal-calls=45496263 hal-frames=6158614018 hal-drop=15736832 in-peak=0.8 clip=0 nonfinite=0 | capture=1034248 (delta 97176) queued=1296 rx-touched=256/256 chunks=5509 malformed=0 invalid=0 nodata=47007 dbc-gap=22 reorder=0 stale=0 rt-loop-us=29.0364/246.282 rt-cap-us=7.36611/207.962 rt-pb-us=2.93126/69.667 rt-tx-us=18.7391/80.725 rt-wake-max-us=348.485
