FW1814 capture consumer resumed; fresh capture enabled
FW1814 out-shared=0 pcm=40 tx-audio=79448 tx-silence=1652416 tx-late=1 tx-max-gap=3808 tx-roll-packets=288004 tx-roll-miss=0 hal-calls=45497577 hal-frames=6158866306 hal-drop=15736832 in-peak=0.8 clip=0 nonfinite=0 | capture=1706768 (delta 96000) queued=512 rx-touched=256/256 chunks=8998 malformed=0 invalid=0 nodata=74590 dbc-gap=0 reorder=0 stale=0 rt-loop-us=26.3868/220.778 rt-cap-us=6.94541/134.974 rt-pb-us=1.10472/67.431 rt-tx-us=18.3366/84.601 rt-wake-max-us=332.277
FW1814 out-shared=0 pcm=0 tx-audio=99072 tx-silence=1728792 tx-late=1 tx-max-gap=3808 tx-roll-packets=304004 tx-roll-miss=0 hal-calls=45497679 hal-frames=6158885890 hal-drop=15736832 in-peak=0.8 clip=0 nonfinite=0 | capture=1802768 (delta 96000) queued=32768 rx-touched=256/256 chunks=9498 malformed=0 invalid=0 nodata=78590 dbc-gap=0 reorder=0 stale=0 rt-loop-us=26.5342/208.639 rt-cap-us=7.43455/140.376 rt-pb-us=0.799971/67.591 rt-tx-us=18.2997/101.048 rt-wake-max-us=357.637
FW1814 performance profile: aggressive (250 us)
FW1814 out-shared=0 pcm=0 tx-audio=99072 tx-silence=1824792 tx-late=1 tx-max-gap=3808 tx-roll-packets=320004 tx-roll-miss=0 hal-calls=45497679 hal-frames=6158885890 hal-drop=15736832 in-peak=0.8 clip=0 nonfinite=0 | capture=1898768 (delta 96000) queued=32768 rx-touched=256/256 chunks=9998 malformed=0 invalid=0 nodata=82590 dbc-gap=0 reorder=0 stale=0 rt-loop-us=24.2475/202.776 rt-cap-us=6.81831/163.018 rt-pb-us=0.132889/16.005 rt-tx-us=17.2963/66.015 rt-wake-max-us=336.292
FW1814 capture consumer resumed; fresh capture enabled
FW1814 out-shared=0 pcm=208 tx-audio=115568 tx-silence=1904304 tx-late=1 tx-max-gap=3808 tx-roll-packets=336005 tx-roll-miss=0 hal-calls=45497766 hal-frames=6158902594 hal-drop=15736832 in-peak=0.8 clip=0 nonfinite=0 | capture=1994768 (delta 96000) queued=320 rx-touched=256/256 chunks=10498 malformed=0 invalid=0 nodata=86590 dbc-gap=0 reorder=0 stale=0 rt-loop-us=26.521/186.188 rt-cap-us=7.06345/140.035 rt-pb-us=0.691064/79.705 rt-tx-us=18.7665/99.753 rt-wake-max-us=332.504
FW1814 capture consumer resumed; fresh capture enabled
FW1814 out-shared=0 pcm=0 tx-audio=197760 tx-silence=1918128 tx-late=1 tx-max-gap=3808 tx-roll-packets=352007 tx-roll-miss=0 hal-calls=45498193 hal-frames=6158984578 hal-drop=15736832 in-peak=0.8 clip=0 nonfinite=0 | capture=2090768 (delta 96000) queued=6080 rx-touched=256/256 chunks=10998 malformed=0 invalid=0 nodata=90590 dbc-gap=0 reorder=0 stale=0 rt-loop-us=28.4383/182.034 rt-cap-us=7.33088/119.072 rt-pb-us=2.81778/72.668 rt-tx-us=18.2896/102.849 rt-wake-max-us=401.6
FW1814 capture consumer resumed; fresh capture enabled
FW1814 capture consumer resumed; fresh capture enabled
FW1814 out-shared=0 pcm=144 tx-audio=281136 tx-silence=1930752 tx-late=1 tx-max-gap=3808 tx-roll-packets=368007 tx-roll-miss=0 hal-calls=45498628 hal-frames=6159068098 hal-drop=15736832 in-peak=0.8 clip=0 nonfinite=0 | capture=2186768 (delta 96000) queued=320 rx-touched=256/256 chunks=11498 malformed=0 invalid=0 nodata=94590 dbc-gap=0 reorder=0 stale=0 rt-loop-us=28.8315/213.352 rt-cap-us=7.42865/146.485 rt-pb-us=2.92094/73.977 rt-tx-us=18.4819/72.004 rt-wake-max-us=363.626
FW1814 capture consumer resumed; fresh capture enabled
FW1814 capture consumer resumed; fresh capture enabled
FW1814 out-shared=0 pcm=168 tx-audio=359640 tx-silence=1948248 tx-late=1 tx-max-gap=3808 tx-roll-packets=384008 tx-roll-miss=0 hal-calls=45499037 hal-frames=6159146626 hal-drop=15736832 in-peak=0.8 clip=0 nonfinite=0 | capture=2282768 (delta 96000) queued=320 rx-touched=256/256 chunks=11998 malformed=0 invalid=0 nodata=98590 dbc-gap=0 reorder=0 stale=0 rt-loop-us=30.3993/209.924 rt-cap-us=7.65461/156.599 rt-pb-us=2.79824/81.771 rt-tx-us=19.9465/84.64 rt-wake-max-us=321.566
FW1814 capture consumer resumed; fresh capture enabled
FW1814 out-shared=0 pcm=0 tx-audio=445056 tx-silence=1958832 tx-late=1 tx-max-gap=3808 tx-roll-packets=400008 tx-roll-miss=0 hal-calls=45499481 hal-frames=6159231874 hal-drop=15736832 in-peak=0.8 clip=0 nonfinite=0 | capture=2378768 (delta 96000) queued=2432 rx-touched=256/256 chunks=12498 malformed=0 invalid=0 nodata=102590 dbc-gap=0 reorder=0 stale=0 rt-loop-us=29.3668/204.851 rt-cap-us=7.67477/160.4 rt-pb-us=2.96774/82.307 rt-tx-us=18.7242/106.289 rt-wake-max-us=363.439
FW1814 capture consumer resumed; fresh capture enabled
FW1814 capture consumer resumed; fresh capture enabled
FW1814 out-shared=0 pcm=128 tx-audio=526336 tx-silence=1973552 tx-late=1 tx-max-gap=3808 tx-roll-packets=416008 tx-roll-miss=0 hal-calls=45499905 hal-frames=6159313282 hal-drop=15736832 in-peak=0.8 clip=0 nonfinite=0 | capture=2474768 (delta 96000) queued=320 rx-touched=256/256 chunks=12998 malformed=0 invalid=0 nodata=106590 dbc-gap=0 reorder=0 stale=0 rt-loop-us=28.96/197.706 rt-cap-us=7.44032/146.325 rt-pb-us=2.85133/93.023 rt-tx-us=18.6683/108.459 rt-wake-max-us=367.075
FW1814 capture consumer resumed; fresh capture enabled
FW1814 capture consumer resumed; fresh capture enabled
FW1814 out-shared=0 pcm=64 tx-audio=605888 tx-silence=1990008 tx-late=1 tx-max-gap=3808 tx-roll-packets=432009 tx-roll-miss=0 hal-calls=45500319 hal-frames=6159392770 hal-drop=15736832 in-peak=0.8 clip=0 nonfinite=0 | capture=2570768 (delta 96000) queued=512 rx-touched=256/256 chunks=13498 malformed=0 invalid=0 nodata=110590 dbc-gap=0 reorder=0 stale=0 rt-loop-us=29.5036/218.075 rt-cap-us=7.323/147.802 rt-pb-us=2.76912/78.634 rt-tx-us=19.4115/75.449 rt-wake-max-us=375.525
FW1814 capture consumer resumed; fresh capture enabled
FW1814 out-shared=0 pcm=0 tx-audio=691968 tx-silence=1999928 tx-late=1 tx-max-gap=3808 tx-roll-packets=448009 tx-roll-miss=0 hal-calls=45500767 hal-frames=6159478786 hal-drop=15736832 in-peak=0.8 clip=0 nonfinite=0 | capture=2666768 (delta 96000) queued=2048 rx-touched=256/256 chunks=13998 malformed=0 invalid=0 nodata=114590 dbc-gap=0 reorder=0 stale=0 rt-loop-us=28.3265/174.418 rt-cap-us=7.22439/133.987 rt-pb-us=2.96214/72.126 rt-tx-us=18.14/87.026 rt-wake-max-us=349.142
FW1814 capture consumer resumed; fresh capture enabled
FW1814 capture consumer resumed; fresh capture enabled
FW1814 out-shared=0 pcm=136 tx-audio=772472 tx-silence=2015424 tx-late=1 tx-max-gap=3808 tx-roll-packets=464009 tx-roll-miss=0 hal-calls=45501187 hal-frames=6159559426 hal-drop=15736832 in-peak=0.8 clip=0 nonfinite=0 | capture=2762768 (delta 96000) queued=320 rx-touched=256/256 chunks=14498 malformed=0 invalid=0 nodata=118590 dbc-gap=0 reorder=0 stale=0 rt-loop-us=28.6887/201.475 rt-cap-us=7.36332/142.79 rt-pb-us=2.81774/93.504 rt-tx-us=18.5077/80.579 rt-wake-max-us=388.991
FW1814 capture consumer resumed; fresh capture enabled
FW1814 capture consumer resumed; fresh capture enabled
FW1814 out-shared=0 pcm=176 tx-audio=850768 tx-silence=2033136 tx-late=1 tx-max-gap=3808 tx-roll-packets=480010 tx-roll-miss=0 hal-calls=45501595 hal-frames=6159637762 hal-drop=15736832 in-peak=0.8 clip=0 nonfinite=0 | capture=2858768 (delta 96000) queued=320 rx-touched=256/256 chunks=14998 malformed=0 invalid=0 nodata=122590 dbc-gap=0 reorder=0 stale=0 rt-loop-us=30.0822/208.621 rt-cap-us=7.45715/149.688 rt-pb-us=2.77661/85.446 rt-tx-us=19.8485/112.998 rt-wake-max-us=346.967
FW1814 capture consumer resumed; fresh capture enabled
FW1814 out-shared=0 pcm=152 tx-audio=937960 tx-silence=2041944 tx-late=1 tx-max-gap=3808 tx-roll-packets=496010 tx-roll-miss=0 hal-calls=45502049 hal-frames=6159724930 hal-drop=15736832 in-peak=0.8 clip=0 nonfinite=0 | capture=2954768 (delta 96000) queued=320 rx-touched=256/256 chunks=15498 malformed=0 invalid=0 nodata=126590 dbc-gap=0 reorder=0 stale=0 rt-loop-us=29.1373/219.425 rt-cap-us=7.51632/142.363 rt-pb-us=2.99212/92.202 rt-tx-us=18.6289/83.252 rt-wake-max-us=358.216
FW1814 capture consumer resumed; fresh capture enabled
FW1814 capture consumer resumed; fresh capture enabled
FW1814 out-shared=0 pcm=56 tx-audio=1016392 tx-silence=2059512 tx-late=1 tx-max-gap=3808 tx-roll-packets=512010 tx-roll-miss=0 hal-calls=45502457 hal-frames=6159803266 hal-drop=15736832 in-peak=0.8 clip=0 nonfinite=0 | capture=3050768 (delta 96000) queued=512 rx-touched=256/256 chunks=15998 malformed=0 invalid=0 nodata=130590 dbc-gap=0 reorder=0 stale=0 rt-loop-us=29.3448/229.959 rt-cap-us=7.58063/161.93 rt-pb-us=2.79271/78.093 rt-tx-us=18.9714/111.559 rt-wake-max-us=382.004
FW1814 capture consumer resumed; fresh capture enabled
FW1814 performance profile: balanced (375 us)
FW1814 out-shared=0 pcm=0 tx-audio=1088256 tx-silence=2083656 tx-late=1 tx-max-gap=3808 tx-roll-packets=528012 tx-roll-miss=0 hal-calls=45502831 hal-frames=6159875074 hal-drop=15736832 in-peak=0.8 clip=0 nonfinite=0 | capture=3146768 (delta 96000) queued=16448 rx-touched=256/256 chunks=16498 malformed=0 invalid=0 nodata=134590 dbc-gap=0 reorder=0 stale=0 rt-loop-us=29.9559/255.201 rt-cap-us=7.83109/167.989 rt-pb-us=2.59365/73.84 rt-tx-us=19.5312/98.94 rt-wake-max-us=371.821
FW1814 capture consumer resumed; fresh capture enabled
FW1814 out-shared=0 pcm=32 tx-audio=1089760 tx-silence=2178168 tx-late=1 tx-max-gap=3808 tx-roll-packets=544014 tx-roll-miss=0 hal-calls=45502839 hal-frames=6159876610 hal-drop=15736832 in-peak=0.8 clip=0 nonfinite=0 | capture=3242768 (delta 96000) queued=512 rx-touched=256/256 chunks=16998 malformed=0 invalid=0 nodata=138590 dbc-gap=0 reorder=0 stale=0 rt-loop-us=32.8878/238.911 rt-cap-us=10.8735/157.185 rt-pb-us=0.31053/76.314 rt-tx-us=21.7037/137.187 rt-wake-max-us=264.032
FW1814 capture consumer resumed; fresh capture enabled
FW1814 out-shared=0 pcm=184 tx-audio=1176968 tx-silence=2186976 tx-late=1 tx-max-gap=3808 tx-roll-packets=560017 tx-roll-miss=0 hal-calls=45503294 hal-frames=6159963970 hal-drop=15736832 in-peak=0.8 clip=0 nonfinite=0 | capture=3338768 (delta 96000) queued=320 rx-touched=256/256 chunks=17498 malformed=0 invalid=0 nodata=142590 dbc-gap=0 reorder=0 stale=0 rt-loop-us=38.6233/270.901 rt-cap-us=11.0362/167.751 rt-pb-us=4.85795/80.31 rt-tx-us=22.7291/128.545 rt-wake-max-us=277.448
FW1814 capture consumer resumed; fresh capture enabled
FW1814 capture consumer resumed; fresh capture enabled
FW1814 out-shared=0 pcm=120 tx-audio=1255176 tx-silence=2204784 tx-late=1 tx-max-gap=3808 tx-roll-packets=576019 tx-roll-miss=0 hal-calls=45503701 hal-frames=6160042114 hal-drop=15736832 in-peak=0.8 clip=0 nonfinite=0 | capture=3434768 (delta 96000) queued=320 rx-touched=256/256 chunks=17998 malformed=0 invalid=0 nodata=146590 dbc-gap=0 reorder=0 stale=0 rt-loop-us=37.3255/209.713 rt-cap-us=10.9989/139.375 rt-pb-us=4.31829/76.322 rt-tx-us=22.0082/94.663 rt-wake-max-us=257.663
FW1814 capture consumer resumed; fresh capture enabled
FW1814 out-shared=0 pcm=0 tx-audio=1335360 tx-silence=2220608 tx-late=1 tx-max-gap=3808 tx-roll-packets=592021 tx-roll-miss=0 hal-calls=45504118 hal-frames=6160122178 hal-drop=15736832 in-peak=0.8 clip=0 nonfinite=0 | capture=3530768 (delta 96000) queued=7808 rx-touched=256/256 chunks=18498 malformed=0 invalid=0 nodata=150590 dbc-gap=0 reorder=0 stale=0 rt-loop-us=37.1414/218.235 rt-cap-us=11.0426/143.872 rt-pb-us=4.48449/75.442 rt-tx-us=21.6143/103.028 rt-wake-max-us=273.915
FW1814 capture consumer resumed; fresh capture enabled
FW1814 capture consumer resumed; fresh capture enabled
FW1814 out-shared=0 pcm=152 tx-audio=1421800 tx-silence=2230184 tx-late=1 tx-max-gap=3808 tx-roll-packets=608024 tx-roll-miss=0 hal-calls=45504569 hal-frames=6160208770 hal-drop=15736832 in-peak=0.8 clip=0 nonfinite=0 | capture=3626768 (delta 96000) queued=320 rx-touched=256/256 chunks=18998 malformed=0 invalid=0 nodata=154590 dbc-gap=0 reorder=0 stale=0 rt-loop-us=37.7561/230.001 rt-cap-us=10.973/147.394 rt-pb-us=4.77652/76.323 rt-tx-us=22.0066/95.204 rt-wake-max-us=279.546
FW1814 capture consumer resumed; fresh capture enabled
FW1814 capture consumer resumed; fresh capture enabled
FW1814 out-shared=0 pcm=192 tx-audio=1501440 tx-silence=2246568 tx-late=1 tx-max-gap=3808 tx-roll-packets=624027 tx-roll-miss=0 hal-calls=45504984 hal-frames=6160288450 hal-drop=15736832 in-peak=0.8 clip=0 nonfinite=0 | capture=3722960 (delta 96192) queued=512 rx-touched=256/256 chunks=19499 malformed=0 invalid=0 nodata=158598 dbc-gap=0 reorder=0 stale=0 rt-loop-us=37.7659/241.454 rt-cap-us=11.181/153.471 rt-pb-us=4.07888/79.566 rt-tx-us=22.506/90.991 rt-wake-max-us=279.54
FW1814 capture consumer resumed; fresh capture enabled
FW1814 out-shared=0 pcm=0 tx-audio=1582464 tx-silence=2261544 tx-late=1 tx-max-gap=3808 tx-roll-packets=640028 tx-roll-miss=0 hal-calls=45505405 hal-frames=6160369282 hal-drop=15736832 in-peak=0.8 clip=0 nonfinite=0 | capture=3818960 (delta 96000) queued=7232 rx-touched=256/256 chunks=19999 malformed=0 invalid=0 nodata=162598 dbc-gap=0 reorder=0 stale=0 rt-loop-us=37.6985/268.131 rt-cap-us=11.3713/177.003 rt-pb-us=4.26208/74.546 rt-tx-us=22.0652/121.21 rt-wake-max-us=401.711
FW1814 capture consumer resumed; fresh capture enabled
FW1814 capture consumer resumed; fresh capture enabled
FW1814 out-shared=0 pcm=80 tx-audio=1668784 tx-silence=2271248 tx-late=1 tx-max-gap=3808 tx-roll-packets=656031 tx-roll-miss=0 hal-calls=45505855 hal-frames=6160455682 hal-drop=15736832 in-peak=0.8 clip=0 nonfinite=0 | capture=3914960 (delta 96000) queued=512 rx-touched=256/256 chunks=20499 malformed=0 invalid=0 nodata=166598 dbc-gap=0 reorder=0 stale=0 rt-loop-us=37.5075/244.312 rt-cap-us=10.9492/154.227 rt-pb-us=4.80536/85.814 rt-tx-us=21.7528/104.188 rt-wake-max-us=269.779
FW1814 capture consumer resumed; fresh capture enabled
FW1814 capture consumer resumed; fresh capture enabled
FW1814 out-shared=0 pcm=104 tx-audio=1748440 tx-silence=2287600 tx-late=1 tx-max-gap=3808 tx-roll-packets=672033 tx-roll-miss=0 hal-calls=45506270 hal-frames=6160535362 hal-drop=15736832 in-peak=0.8 clip=0 nonfinite=0 | capture=4010960 (delta 96000) queued=512 rx-touched=256/256 chunks=20999 malformed=0 invalid=0 nodata=170598 dbc-gap=0 reorder=0 stale=0 rt-loop-us=37.688/211.664 rt-cap-us=10.8937/140.163 rt-pb-us=4.41036/81.83 rt-tx-us=22.3839/117.73 rt-wake-max-us=282.553
FW1814 capture consumer resumed; fresh capture enabled
FW1814 out-shared=0 pcm=0 tx-audio=1829760 tx-silence=2302296 tx-late=1 tx-max-gap=3808 tx-roll-packets=688035 tx-roll-miss=0 hal-calls=45506693 hal-frames=6160616578 hal-drop=15736832 in-peak=0.8 clip=0 nonfinite=0 | capture=4106960 (delta 96000) queued=7232 rx-touched=256/256 chunks=21499 malformed=0 invalid=0 nodata=174598 dbc-gap=0 reorder=0 stale=0 rt-loop-us=36.9992/184.262 rt-cap-us=10.9943/136.271 rt-pb-us=4.48072/90.975 rt-tx-us=21.5243/131.77 rt-wake-max-us=265.414
FW1814 capture consumer resumed; fresh capture enabled
FW1814 capture consumer resumed; fresh capture enabled
FW1814 out-shared=0 pcm=136 tx-audio=1916024 tx-silence=2312040 tx-late=1 tx-max-gap=3808 tx-roll-packets=704037 tx-roll-miss=0 hal-calls=45507143 hal-frames=6160702978 hal-drop=15736832 in-peak=0.8 clip=0 nonfinite=0 | capture=4202960 (delta 96000) queued=512 rx-touched=256/256 chunks=21999 malformed=0 invalid=0 nodata=178598 dbc-gap=0 reorder=0 stale=0 rt-loop-us=37.7564/254.171 rt-cap-us=11.138/162.303 rt-pb-us=4.51151/80.999 rt-tx-us=22.1069/99.519 rt-wake-max-us=265.186
FW1814 capture consumer resumed; fresh capture enabled
FW1814 capture consumer resumed; fresh capture enabled
FW1814 out-shared=0 pcm=136 tx-audio=1995512 tx-silence=2328568 tx-late=1 tx-max-gap=3808 tx-roll-packets=720040 tx-roll-miss=0 hal-calls=45507557 hal-frames=6160782466 hal-drop=15736832 in-peak=0.8 clip=0 nonfinite=0 | capture=4298960 (delta 96000) queued=320 rx-touched=256/256 chunks=22499 malformed=0 invalid=0 nodata=182598 dbc-gap=0 reorder=0 stale=0 rt-loop-us=37.8817/229.977 rt-cap-us=11.1062/155.301 rt-pb-us=4.37792/85.228 rt-tx-us=22.3976/88.735 rt-wake-max-us=288.105
FW1814 capture consumer resumed; fresh capture enabled
FW1814 performance profile: conservative (500 us)
FW1814 out-shared=0 pcm=0 tx-audio=2076288 tx-silence=2343792 tx-late=1 tx-max-gap=3808 tx-roll-packets=736040 tx-roll-miss=0 hal-calls=45507977 hal-frames=6160863106 hal-drop=15736832 in-peak=0.8 clip=0 nonfinite=0 | capture=4394960 (delta 96000) queued=7616 rx-touched=256/256 chunks=22999 malformed=0 invalid=0 nodata=186598 dbc-gap=0 reorder=0 stale=0 rt-loop-us=37.9165/240.675 rt-cap-us=11.1663/155.231 rt-pb-us=4.33518/77.909 rt-tx-us=22.415/98.039 rt-wake-max-us=260.268
FW1814 out-shared=0 pcm=0 tx-audio=2076288 tx-silence=2439800 tx-late=1 tx-max-gap=3808 tx-roll-packets=752041 tx-roll-miss=0 hal-calls=45507977 hal-frames=6160863106 hal-drop=15736832 in-peak=0.8 clip=0 nonfinite=0 | capture=4490960 (delta 96000) queued=32768 rx-touched=256/256 chunks=23499 malformed=0 invalid=0 nodata=190598 dbc-gap=0 reorder=0 stale=0 rt-loop-us=44.1923/244.6 rt-cap-us=15.5882/145.127 rt-pb-us=0.677239/15.772 rt-tx-us=27.9268/125.857 rt-wake-max-us=153.173
FW1814 capture consumer resumed; fresh capture enabled
FW1814 capture consumer resumed; fresh capture enabled
FW1814 out-shared=0 pcm=72 tx-audio=2158200 tx-silence=2453888 tx-late=1 tx-max-gap=3808 tx-roll-packets=768041 tx-roll-miss=0 hal-calls=45508404 hal-frames=6160945090 hal-drop=15736832 in-peak=0.8 clip=0 nonfinite=0 | capture=4586960 (delta 96000) queued=512 rx-touched=256/256 chunks=23999 malformed=0 invalid=0 nodata=194598 dbc-gap=0 reorder=0 stale=0 rt-loop-us=44.0318/331.467 rt-cap-us=14.3396/194.926 rt-pb-us=5.74498/85.16 rt-tx-us=23.9472/104.421 rt-wake-max-us=102.786
FW1814 capture consumer resumed; fresh capture enabled
FW1814 capture consumer resumed; fresh capture enabled
FW1814 out-shared=0 pcm=80 tx-audio=2237872 tx-silence=2470216 tx-late=1 tx-max-gap=3808 tx-roll-packets=784041 tx-roll-miss=0 hal-calls=45508819 hal-frames=6161024770 hal-drop=15736832 in-peak=0.8 clip=0 nonfinite=0 | capture=4682960 (delta 96000) queued=512 rx-touched=256/256 chunks=24499 malformed=0 invalid=0 nodata=198598 dbc-gap=0 reorder=0 stale=0 rt-loop-us=44.0621/225.521 rt-cap-us=14.0463/133.29 rt-pb-us=5.76235/91.149 rt-tx-us=24.2534/117.579 rt-wake-max-us=131.375
FW1814 capture consumer resumed; fresh capture enabled
FW1814 out-shared=0 pcm=0 tx-audio=2323200 tx-silence=2480896 tx-late=1 tx-max-gap=3808 tx-roll-packets=800042 tx-roll-miss=0 hal-calls=45509263 hal-frames=6161110018 hal-drop=15736832 in-peak=0.8 clip=0 nonfinite=0 | capture=4778960 (delta 96000) queued=3008 rx-touched=256/256 chunks=24999 malformed=0 invalid=0 nodata=202598 dbc-gap=0 reorder=0 stale=0 rt-loop-us=44.6607/242.321 rt-cap-us=14.0225/148.914 rt-pb-us=5.88424/94.141 rt-tx-us=24.7539/112.816 rt-wake-max-us=127.62
FW1814 capture consumer resumed; fresh capture enabled
FW1814 capture consumer resumed; fresh capture enabled
FW1814 out-shared=0 pcm=120 tx-audio=2405064 tx-silence=2495032 tx-late=1 tx-max-gap=3808 tx-roll-packets=816042 tx-roll-miss=0 hal-calls=45509690 hal-frames=6161192002 hal-drop=15736832 in-peak=0.8 clip=0 nonfinite=0 | capture=4874960 (delta 96000) queued=320 rx-touched=256/256 chunks=25499 malformed=0 invalid=0 nodata=206598 dbc-gap=0 reorder=0 stale=0 rt-loop-us=43.3852/220.677 rt-cap-us=13.8867/152.387 rt-pb-us=5.79613/88.851 rt-tx-us=23.7024/98.854 rt-wake-max-us=117.926
FW1814 capture consumer resumed; fresh capture enabled
FW1814 capture consumer resumed; fresh capture enabled
FW1814 out-shared=0 pcm=80 tx-audio=2484400 tx-silence=2511696 tx-late=1 tx-max-gap=3808 tx-roll-packets=832042 tx-roll-miss=0 hal-calls=45510103 hal-frames=6161271298 hal-drop=15736832 in-peak=0.8 clip=0 nonfinite=0 | capture=4970960 (delta 96000) queued=512 rx-touched=256/256 chunks=25999 malformed=0 invalid=0 nodata=210598 dbc-gap=0 reorder=0 stale=0 rt-loop-us=43.8749/247.819 rt-cap-us=14.1129/157.572 rt-pb-us=5.67575/74.491 rt-tx-us=24.0863/108.647 rt-wake-max-us=138.704
FW1814 capture consumer resumed; fresh capture enabled
FW1814 out-shared=0 pcm=0 tx-audio=2569920 tx-silence=2522184 tx-late=1 tx-max-gap=3808 tx-roll-packets=848043 tx-roll-miss=0 hal-calls=45510548 hal-frames=6161356738 hal-drop=15736832 in-peak=0.8 clip=0 nonfinite=0 | capture=5066960 (delta 96000) queued=3008 rx-touched=256/256 chunks=26499 malformed=0 invalid=0 nodata=214598 dbc-gap=0 reorder=0 stale=0 rt-loop-us=44.9342/232.853 rt-cap-us=13.9858/153.544 rt-pb-us=6.29923/77.954 rt-tx-us=24.6492/101.404 rt-wake-max-us=123.06
FW1814 capture consumer resumed; fresh capture enabled
FW1814 capture consumer resumed; fresh capture enabled
FW1814 out-shared=0 pcm=72 tx-audio=2652024 tx-silence=2536080 tx-late=1 tx-max-gap=3808 tx-roll-packets=864043 tx-roll-miss=0 hal-calls=45510976 hal-frames=6161438914 hal-drop=15736832 in-peak=0.8 clip=0 nonfinite=0 | capture=5162960 (delta 96000) queued=512 rx-touched=256/256 chunks=26999 malformed=0 invalid=0 nodata=218598 dbc-gap=0 reorder=0 stale=0 rt-loop-us=44.148/287.544 rt-cap-us=14.2179/157.285 rt-pb-us=5.66957/74.829 rt-tx-us=24.2605/136.55 rt-wake-max-us=122.002
FW1814 capture consumer resumed; fresh capture enabled
FW1814 capture consumer resumed; fresh capture enabled
FW1814 out-shared=0 pcm=168 tx-audio=2731608 tx-silence=2552496 tx-late=1 tx-max-gap=3808 tx-roll-packets=880043 tx-roll-miss=0 hal-calls=45511391 hal-frames=6161518594 hal-drop=15736832 in-peak=0.8 clip=0 nonfinite=0 | capture=5258960 (delta 96000) queued=320 rx-touched=256/256 chunks=27499 malformed=0 invalid=0 nodata=222598 dbc-gap=0 reorder=0 stale=0 rt-loop-us=43.9789/265.284 rt-cap-us=14.2205/174.371 rt-pb-us=5.6739/77.757 rt-tx-us=24.0845/98.431 rt-wake-max-us=142.266
FW1814 capture consumer resumed; fresh capture enabled
FW1814 out-shared=0 pcm=0 tx-audio=2816640 tx-silence=2563464 tx-late=1 tx-max-gap=3808 tx-roll-packets=896044 tx-roll-miss=0 hal-calls=45511833 hal-frames=6161603458 hal-drop=15736832 in-peak=0.8 clip=0 nonfinite=0 | capture=5354960 (delta 96000) queued=3200 rx-touched=256/256 chunks=27999 malformed=0 invalid=0 nodata=226598 dbc-gap=0 reorder=0 stale=0 rt-loop-us=44.5115/202.79 rt-cap-us=14.2326/143.737 rt-pb-us=6.14299/80.839 rt-tx-us=24.136/118.058 rt-wake-max-us=97.632
FW1814 capture consumer resumed; fresh capture enabled
FW1814 capture consumer resumed; fresh capture enabled
FW1814 out-shared=0 pcm=144 tx-audio=2898864 tx-silence=2577240 tx-late=1 tx-max-gap=3808 tx-roll-packets=912044 tx-roll-miss=0 hal-calls=45512262 hal-frames=6161685826 hal-drop=15736832 in-peak=0.8 clip=0 nonfinite=0 | capture=5450960 (delta 96000) queued=320 rx-touched=256/256 chunks=28499 malformed=0 invalid=0 nodata=230598 dbc-gap=0 reorder=0 stale=0 rt-loop-us=44.6979/241.559 rt-cap-us=14.3289/157.308 rt-pb-us=5.94555/79.048 rt-tx-us=24.4235/104.756 rt-wake-max-us=175.921
FW1814 capture consumer resumed; fresh capture enabled
FW1814 capture consumer resumed; fresh capture enabled
FW1814 out-shared=0 pcm=56 tx-audio=2978440 tx-silence=2593664 tx-late=1 tx-max-gap=3808 tx-roll-packets=928044 tx-roll-miss=0 hal-calls=45512676 hal-frames=6161765314 hal-drop=15736832 in-peak=0.8 clip=0 nonfinite=0 | capture=5546960 (delta 96000) queued=320 rx-touched=256/256 chunks=28999 malformed=0 invalid=0 nodata=234598 dbc-gap=0 reorder=0 stale=0 rt-loop-us=46.1721/285.561 rt-cap-us=15.0085/163.123 rt-pb-us=5.75852/82.634 rt-tx-us=25.4051/123.07 rt-wake-max-us=132.259
FW1814 capture consumer resumed; fresh capture enabled
FW1814 out-shared=0 pcm=0 tx-audio=3063552 tx-silence=2604560 tx-late=1 tx-max-gap=3808 tx-roll-packets=944045 tx-roll-miss=0 hal-calls=45513119 hal-frames=6161850370 hal-drop=15736832 in-peak=0.8 clip=0 nonfinite=0 | capture=5642960 (delta 96000) queued=3200 rx-touched=256/256 chunks=29499 malformed=0 invalid=0 nodata=238598 dbc-gap=0 reorder=0 stale=0 rt-loop-us=46.2366/258.91 rt-cap-us=14.4052/143.43 rt-pb-us=6.04267/86.642 rt-tx-us=25.7887/135.073 rt-wake-max-us=179.554
FW1814 capture consumer resumed; fresh capture enabled
FW1814 out-shared=0 pcm=0 tx-audio=3113088 tx-silence=2651024 tx-late=1 tx-max-gap=3808 tx-roll-packets=960045 tx-roll-miss=0 hal-calls=45513377 hal-frames=6161899906 hal-drop=15736832 in-peak=0.8 clip=0 nonfinite=0 | capture=5738960 (delta 96000) queued=32768 rx-touched=256/256 chunks=29999 malformed=0 invalid=0 nodata=242598 dbc-gap=0 reorder=0 stale=0 rt-loop-us=45.0034/243.039 rt-cap-us=14.7782/163.672 rt-pb-us=3.86144/75.092 rt-tx-us=26.3638/146.373 rt-wake-max-us=126.526
FW1814 out-shared=0 pcm=0 tx-audio=3113088 tx-silence=2747024 tx-late=1 tx-max-gap=3808 tx-roll-packets=976045 tx-roll-miss=0 hal-calls=45513377 hal-frames=6161899906 hal-drop=15736832 in-peak=0.8 clip=0 nonfinite=0 | capture=5834960 (delta 96000) queued=32768 rx-touched=256/256 chunks=30499 malformed=0 invalid=0 nodata=246598 dbc-gap=0 reorder=0 stale=0 rt-loop-us=36.8672/239.554 rt-cap-us=13.4094/142.846 rt-pb-us=0.246758/14.284 rt-tx-us=23.211/112.721 rt-wake-max-us=136.859
